BL51 BANKED LINKER/LOCATER V6.22.2.0                                                    03/20/2021  20:53:50  PAGE 1


BL51 BANKED LINKER/LOCATER V6.22.2.0, INVOKED BY:
E:\C51\BIN\BL51.EXE .\Objects\STARTUP.obj, .\Objects\test1.obj TO .\Objects\test PRINT (.\Listings\test.m51) RAMSIZE (25
>> 6)


MEMORY MODEL: SMALL


INPUT MODULES INCLUDED:
  .\Objects\STARTUP.obj (?C_STARTUP)
  .\Objects\test1.obj (TEST1)
  E:\C51\LIB\C51S.LIB (?C_INIT)
  E:\C51\LIB\C51S.LIB (?C?CLDPTR)


LINK MAP OF MODULE:  .\Objects\test (?C_STARTUP)


            TYPE    BASE      LENGTH    RELOCATION   SEGMENT NAME
            -----------------------------------------------------

            * * * * * * *   D A T A   M E M O R Y   * * * * * * *
            REG     0000H     0008H     ABSOLUTE     "REG BANK 0"
            DATA    0008H     0004H     UNIT         _DATA_GROUP_
            DATA    000CH     0002H     UNIT         ?DT?TEST1
                    000EH     0012H                  *** GAP ***
            BIT     0020H.0   0000H.2   UNIT         ?BI?TEST1
                    0020H.2   0000H.6                *** GAP ***
            IDATA   0021H     0001H     UNIT         ?STACK

            * * * * * * *   C O D E   M E M O R Y   * * * * * * *
            CODE    0000H     0003H     ABSOLUTE     
                    0003H     0008H                  *** GAP ***
            CODE    000BH     0003H     ABSOLUTE     
                    000EH     0015H                  *** GAP ***
            CODE    0023H     0003H     ABSOLUTE     
                    0026H     07DAH                  *** GAP ***
            CODE    0800H     00D7H     UNIT         ?CO?TEST1
            CODE    08D7H     008CH     UNIT         ?C_C51STARTUP
            CODE    0963H     008AH     UNIT         ?PR?MAIN?TEST1
            CODE    09EDH     002BH     UNIT         ?PR?_TRANSMIT_STRING?TEST1
            CODE    0A18H     0027H     UNIT         ?PR?_MSDELAY?TEST1
            CODE    0A3FH     0025H     UNIT         ?PR?_LCD_WRITE_STRING?TEST1
            CODE    0A64H     0020H     UNIT         ?PR?_DELAY_MS?TEST1
            CODE    0A84H     001EH     UNIT         ?PR?LCD_TEST?TEST1
            CODE    0AA2H     001BH     UNIT         ?PR?LCD_INIT?TEST1
            CODE    0ABDH     001BH     UNIT         ?PR?GPIO_TEST?TEST1
            CODE    0AD8H     0019H     UNIT         ?C?LIB_CODE
            CODE    0AF1H     0016H     UNIT         ?PR?LED_TEST?TEST1
            CODE    0B07H     0015H     UNIT         ?PR?SERIAL_ISR?TEST1
            CODE    0B1CH     0014H     UNIT         ?PR?UART_INIT?TEST1
            CODE    0B30H     0012H     UNIT         ?PR?_LCD_CMD?TEST1
            CODE    0B42H     0012H     UNIT         ?PR?_LCD_CHAR?TEST1
            CODE    0B54H     000CH     UNIT         ?PR?TIMER_TEST?TEST1
            CODE    0B60H     000BH     UNIT         ?C_INITSEG
            CODE    0B6BH     000AH     UNIT         ?PR?PORT_INIT?TEST1
            CODE    0B75H     000AH     UNIT         ?PR?RECEIVE_CHAR?TEST1
            CODE    0B7FH     0008H     UNIT         ?PR?_TRANSMIT_CHAR?TEST1
BL51 BANKED LINKER/LOCATER V6.22.2.0                                                  03/20/2021  20:53:50  PAGE 2


            CODE    0B87H     0005H     UNIT         ?PR?TIMER_ISR?TEST1



OVERLAY MAP OF MODULE:   .\Objects\test (?C_STARTUP)


SEGMENT                               DATA_GROUP 
  +--> CALLED SEGMENT               START    LENGTH
---------------------------------------------------
?C_C51STARTUP                       -----    -----
  +--> ?PR?MAIN?TEST1
  +--> ?C_INITSEG

?PR?MAIN?TEST1                      0008H    0001H
  +--> ?PR?PORT_INIT?TEST1
  +--> ?PR?LCD_INIT?TEST1
  +--> ?PR?UART_INIT?TEST1
  +--> ?PR?_TRANSMIT_STRING?TEST1
  +--> ?CO?TEST1
  +--> ?PR?RECEIVE_CHAR?TEST1
  +--> ?PR?_MSDELAY?TEST1
  +--> ?PR?_TRANSMIT_CHAR?TEST1
  +--> ?PR?_LCD_CHAR?TEST1
  +--> ?PR?GPIO_TEST?TEST1
  +--> ?PR?LED_TEST?TEST1
  +--> ?PR?LCD_TEST?TEST1

?PR?LCD_INIT?TEST1                  -----    -----
  +--> ?PR?_MSDELAY?TEST1
  +--> ?PR?_LCD_CMD?TEST1

?PR?_MSDELAY?TEST1                  -----    -----
  +--> ?PR?_LCD_CMD?TEST1

?PR?_TRANSMIT_STRING?TEST1          0009H    0003H
  +--> ?CO?TEST1
  +--> ?PR?_TRANSMIT_CHAR?TEST1

?PR?_LCD_CHAR?TEST1                 -----    -----
  +--> ?PR?_MSDELAY?TEST1

?PR?GPIO_TEST?TEST1                 -----    -----
  +--> ?CO?TEST1
  +--> ?PR?_TRANSMIT_STRING?TEST1
  +--> ?PR?_MSDELAY?TEST1

?PR?LED_TEST?TEST1                  -----    -----
  +--> ?PR?_MSDELAY?TEST1

?PR?LCD_TEST?TEST1                  -----    -----
  +--> ?PR?_LCD_CMD?TEST1
  +--> ?CO?TEST1
  +--> ?PR?_LCD_WRITE_STRING?TEST1
  +--> ?PR?_DELAY_MS?TEST1

?PR?_LCD_WRITE_STRING?TEST1         0009H    0003H
BL51 BANKED LINKER/LOCATER V6.22.2.0                                                  03/20/2021  20:53:50  PAGE 3


  +--> ?PR?_LCD_CHAR?TEST1



SYMBOL TABLE OF MODULE:  .\Objects\test (?C_STARTUP)

  VALUE           TYPE          NAME
  ----------------------------------

  -------         MODULE        ?C_STARTUP
  C:08D7H         SEGMENT       ?C_C51STARTUP
  I:0021H         SEGMENT       ?STACK
  C:0000H         PUBLIC        ?C_STARTUP
  D:00E0H         SYMBOL        ACC
  D:00F0H         SYMBOL        B
  D:0083H         SYMBOL        DPH
  D:0082H         SYMBOL        DPL
  N:0000H         SYMBOL        IBPSTACK
  N:0100H         SYMBOL        IBPSTACKTOP
  N:0080H         SYMBOL        IDATALEN
  C:08DAH         SYMBOL        IDATALOOP
  N:0000H         SYMBOL        PBPSTACK
  N:0100H         SYMBOL        PBPSTACKTOP
  N:0000H         SYMBOL        PDATALEN
  N:0000H         SYMBOL        PDATASTART
  N:0000H         SYMBOL        PPAGE
  N:0000H         SYMBOL        PPAGEENABLE
  D:00A0H         SYMBOL        PPAGE_SFR
  D:0081H         SYMBOL        SP
  C:08D7H         SYMBOL        STARTUP1
  N:0000H         SYMBOL        XBPSTACK
  N:0000H         SYMBOL        XBPSTACKTOP
  N:0000H         SYMBOL        XDATALEN
  N:0000H         SYMBOL        XDATASTART
  C:0000H         LINE#         126
  C:08D7H         LINE#         133
  C:08D9H         LINE#         134
  C:08DAH         LINE#         135
  C:08DBH         LINE#         136
  C:08DDH         LINE#         185
  C:08E0H         LINE#         196
  -------         ENDMOD        ?C_STARTUP

  -------         MODULE        TEST1
  C:0000H         SYMBOL        _ICE_DUMMY_
  D:0080H         PUBLIC        P0
  D:0090H         PUBLIC        P1
  D:00A0H         PUBLIC        P2
  D:00B0H         PUBLIC        P3
  D:00C0H         PUBLIC        P4
  D:000CH         PUBLIC        rx_buf
  D:00A8H         PUBLIC        IEN0
  B:0080H.2       PUBLIC        EN
  D:00B8H         PUBLIC        IPL0
  B:0098H.0       PUBLIC        RI
  B:0098H.1       PUBLIC        TI
  D:00D8H         PUBLIC        CCON
BL51 BANKED LINKER/LOCATER V6.22.2.0                                                  03/20/2021  20:53:50  PAGE 4


  B:0080H.0       PUBLIC        RS
  C:0963H         PUBLIC        main
  B:0080H.1       PUBLIC        RW
  B:0020H.0       PUBLIC        rx_complete
  B:0020H.1       PUBLIC        tx_complete
  D:0087H         PUBLIC        PCON
  D:0099H         PUBLIC        SBUF
  D:0098H         PUBLIC        SCON
  C:0B42H         PUBLIC        _lcd_char
  D:0089H         PUBLIC        TMOD
  D:0088H         PUBLIC        TCON
  D:009BH         PUBLIC        BDRCON
  C:0A3FH         PUBLIC        _lcd_write_string
  C:0B54H         PUBLIC        timer_test
  C:0B30H         PUBLIC        _lcd_cmd
  C:0AA2H         PUBLIC        lcd_init
  D:000DH         PUBLIC        intr_count
  D:008DH         PUBLIC        TH1
  C:0A64H         PUBLIC        _delay_ms
  C:0B07H         PUBLIC        serial_ISR
  C:0ABDH         PUBLIC        gpio_test
  C:0B1CH         PUBLIC        uart_init
  B:0090H.7       PUBLIC        LED
  C:0A84H         PUBLIC        lcd_test
  D:00F8H         PUBLIC        UEPINT
  B:0088H.6       PUBLIC        TR1
  C:0AF1H         PUBLIC        led_test
  C:0B6BH         PUBLIC        port_init
  D:00C8H         PUBLIC        T2CON
  C:0B75H         PUBLIC        receive_char
  C:09F3H         PUBLIC        _transmit_string
  C:0B87H         PUBLIC        timer_ISR
  C:0A1FH         PUBLIC        _msdelay
  C:0B7FH         PUBLIC        _transmit_char
  C:0A18H         SYMBOL        L?0062
  -------         PROC          L?0061
  -------         ENDPROC       L?0061
  C:0A18H         SYMBOL        L?0062
  -------         PROC          _MSDELAY
  D:0006H         SYMBOL        time
  -------         DO            
  D:0004H         SYMBOL        i
  D:0002H         SYMBOL        j
  -------         ENDDO         
  C:0A1FH         LINE#         11
  C:0A1FH         LINE#         12
  C:0A1FH         LINE#         14
  C:0A29H         LINE#         15
  C:0A29H         LINE#         16
  C:0A37H         LINE#         17
  C:0A3EH         LINE#         18
  -------         ENDPROC       _MSDELAY
  -------         PROC          _LCD_CMD
  D:0006H         SYMBOL        i
  C:0B30H         LINE#         19
  C:0B30H         LINE#         20
  C:0B30H         LINE#         21
BL51 BANKED LINKER/LOCATER V6.22.2.0                                                  03/20/2021  20:53:50  PAGE 5


  C:0B32H         LINE#         22
  C:0B34H         LINE#         23
  C:0B36H         LINE#         24
  C:0B38H         LINE#         25
  C:0B3FH         LINE#         26
  C:0B41H         LINE#         27
  -------         ENDPROC       _LCD_CMD
  -------         PROC          _LCD_CHAR
  D:0007H         SYMBOL        ch
  C:0B42H         LINE#         28
  C:0B42H         LINE#         29
  C:0B42H         LINE#         30
  C:0B44H         LINE#         31
  C:0B46H         LINE#         32
  C:0B48H         LINE#         33
  C:0B4AH         LINE#         34
  C:0B51H         LINE#         35
  C:0B53H         LINE#         36
  -------         ENDPROC       _LCD_CHAR
  -------         PROC          _LCD_WRITE_STRING
  D:0009H         SYMBOL        s
  C:0A3FH         LINE#         37
  C:0A45H         LINE#         38
  C:0A45H         LINE#         39
  C:0A50H         LINE#         40
  C:0A50H         LINE#         41
  C:0A61H         LINE#         42
  C:0A63H         LINE#         43
  -------         ENDPROC       _LCD_WRITE_STRING
  -------         PROC          LCD_INIT
  C:0AA2H         LINE#         44
  C:0AA2H         LINE#         45
  C:0AA2H         LINE#         47
  C:0AA6H         LINE#         48
  C:0AA9H         LINE#         49
  C:0AABH         LINE#         50
  C:0AAEH         LINE#         51
  C:0AB0H         LINE#         52
  C:0AB3H         LINE#         53
  C:0AB5H         LINE#         54
  C:0AB8H         LINE#         55
  -------         ENDPROC       LCD_INIT
  -------         PROC          PORT_INIT
  C:0B6BH         LINE#         57
  C:0B6BH         LINE#         58
  C:0B6BH         LINE#         59
  C:0B6EH         LINE#         60
  C:0B70H         LINE#         61
  C:0B72H         LINE#         62
  C:0B74H         LINE#         63
  -------         ENDPROC       PORT_INIT
  -------         PROC          SERIAL_ISR
  C:0B07H         LINE#         10
  C:0B07H         LINE#         12
  C:0B0AH         LINE#         13
  C:0B0AH         LINE#         14
  C:0B0CH         LINE#         15
BL51 BANKED LINKER/LOCATER V6.22.2.0                                                  03/20/2021  20:53:50  PAGE 6


  C:0B0EH         LINE#         16
  C:0B0EH         LINE#         17
  C:0B11H         LINE#         18
  C:0B11H         LINE#         19
  C:0B13H         LINE#         20
  C:0B16H         LINE#         21
  C:0B18H         LINE#         22
  C:0B1BH         LINE#         23
  C:0B1BH         LINE#         24
  -------         ENDPROC       SERIAL_ISR
  -------         PROC          TIMER_ISR
  C:0B87H         LINE#         26
  C:0B87H         LINE#         28
  C:0B89H         LINE#         29
  C:0B8BH         LINE#         30
  -------         ENDPROC       TIMER_ISR
  -------         PROC          _DELAY_MS
  D:0006H         SYMBOL        time
  -------         DO            
  D:0004H         SYMBOL        i
  D:0002H         SYMBOL        j
  -------         ENDDO         
  C:0A64H         LINE#         32
  C:0A64H         LINE#         33
  C:0A64H         LINE#         35
  C:0A6EH         LINE#         36
  C:0A6EH         LINE#         37
  C:0A7CH         LINE#         38
  C:0A83H         LINE#         39
  -------         ENDPROC       _DELAY_MS
  -------         PROC          UART_INIT
  C:0B1CH         LINE#         41
  C:0B1CH         LINE#         42
  C:0B1CH         LINE#         44
  C:0B1FH         LINE#         45
  C:0B22H         LINE#         46
  C:0B24H         LINE#         47
  C:0B27H         LINE#         48
  C:0B2AH         LINE#         49
  C:0B2AH         LINE#         50
  C:0B2CH         LINE#         51
  C:0B2FH         LINE#         52
  -------         ENDPROC       UART_INIT
  -------         PROC          _TRANSMIT_CHAR
  D:0007H         SYMBOL        ch
  C:0B7FH         LINE#         54
  C:0B7FH         LINE#         55
  C:0B7FH         LINE#         56
  C:0B81H         LINE#         57
  C:0B83H         LINE#         58
  C:0B86H         LINE#         61
  -------         ENDPROC       _TRANSMIT_CHAR
  -------         PROC          RECEIVE_CHAR
  -------         DO            
  D:0007H         SYMBOL        ch
  -------         ENDDO         
  C:0B75H         LINE#         62
BL51 BANKED LINKER/LOCATER V6.22.2.0                                                  03/20/2021  20:53:50  PAGE 7


  C:0B75H         LINE#         63
  C:0B75H         LINE#         64
  C:0B77H         LINE#         65
  C:0B79H         LINE#         66
  C:0B7CH         LINE#         67
  C:0B7EH         LINE#         68
  C:0B7EH         LINE#         69
  -------         ENDPROC       RECEIVE_CHAR
  -------         PROC          L?0063
  -------         ENDPROC       L?0063
  -------         PROC          _TRANSMIT_STRING
  D:0009H         SYMBOL        s
  C:09F3H         LINE#         84
  C:09F9H         LINE#         85
  C:09F9H         LINE#         86
  C:0A04H         LINE#         87
  C:0A04H         LINE#         89
  C:0A15H         LINE#         90
  C:0A17H         LINE#         91
  -------         ENDPROC       _TRANSMIT_STRING
  -------         PROC          GPIO_TEST
  C:0ABDH         LINE#         93
  C:0ABDH         LINE#         94
  C:0ABDH         LINE#         95
  C:0AC0H         LINE#         96
  C:0AC9H         LINE#         97
  C:0AD0H         LINE#         98
  C:0AD7H         LINE#         99
  -------         ENDPROC       GPIO_TEST
  -------         PROC          LED_TEST
  -------         DO            
  D:0082H         SYMBOL        i
  -------         ENDDO         
  C:0AF1H         LINE#         101
  C:0AF1H         LINE#         102
  C:0AF1H         LINE#         103
  C:0AF4H         LINE#         104
  C:0AF4H         LINE#         105
  C:0AF4H         LINE#         106
  C:0AF6H         LINE#         107
  C:0AFDH         LINE#         108
  C:0AFEH         LINE#         109
  C:0B06H         LINE#         110
  -------         ENDPROC       LED_TEST
  -------         PROC          LCD_TEST
  C:0A84H         LINE#         112
  C:0A84H         LINE#         113
  C:0A84H         LINE#         115
  C:0A8BH         LINE#         116
  C:0A94H         LINE#         117
  C:0A9BH         LINE#         118
  -------         ENDPROC       LCD_TEST
  -------         PROC          TIMER_TEST
  C:0B54H         LINE#         124
  C:0B54H         LINE#         125
  C:0B54H         LINE#         126
  C:0B5FH         LINE#         127
BL51 BANKED LINKER/LOCATER V6.22.2.0                                                  03/20/2021  20:53:50  PAGE 8


  -------         ENDPROC       TIMER_TEST
  -------         PROC          MAIN
  -------         DO            
  D:0008H         SYMBOL        ch
  -------         ENDDO         
  C:0963H         LINE#         129
  C:0963H         LINE#         130
  C:0963H         LINE#         131
  C:0966H         LINE#         133
  C:0969H         LINE#         134
  C:096CH         LINE#         135
  C:096FH         LINE#         136
  C:0972H         LINE#         138
  C:0975H         LINE#         139
  C:097EH         LINE#         140
  C:0981H         LINE#         141
  C:098AH         LINE#         142
  C:0993H         LINE#         143
  C:099BH         LINE#         146
  C:099BH         LINE#         147
  C:099BH         LINE#         148
  C:09A0H         LINE#         149
  C:09A7H         LINE#         150
  C:09ACH         LINE#         151
  C:09B1H         LINE#         154
  C:09BEH         LINE#         155
  C:09BEH         LINE#         156
  C:09C1H         LINE#         157
  C:09C7H         LINE#         158
  C:09C9H         LINE#         159
  C:09CCH         LINE#         160
  C:09D2H         LINE#         161
  C:09D4H         LINE#         162
  C:09D7H         LINE#         163
  C:09E0H         LINE#         164
  C:09E2H         LINE#         165
  C:09EBH         LINE#         166
  -------         ENDPROC       MAIN
  -------         ENDMOD        TEST1

  -------         MODULE        ?C?CLDPTR
  C:0AD8H         PUBLIC        ?C?CLDPTR
  -------         ENDMOD        ?C?CLDPTR

*** WARNING L16: UNCALLED SEGMENT, IGNORED FOR OVERLAY PROCESS
    SEGMENT: ?PR?TIMER_TEST?TEST1

******************************************************************************
* RESTRICTED VERSION WITH 0800H BYTE CODE SIZE LIMIT; USED: 02FBH BYTE (37%) *
******************************************************************************

Program Size: data=15.2 xdata=0 code=917
LINK/LOCATE RUN COMPLETE.  1 WARNING(S),  0 ERROR(S)
